[21Sep2026 16:17:30.668] [main/INFO] [cpw.mods.modlauncher.Launcher/MODLAUNCHER]: ModLauncher running: args [--username, KraZo, --version, 1.20.1-forge-47.2.0, --gameDir, C:\Users\DELL\OneDrive - Ministry of Education and Higher Education\Documents\GitHub\Code-TBT\Main\elysium-launcher\.elysium\instances\Forge_Main, --assetsDir, C:\Users\DELL\OneDrive - Ministry of Education and Higher Education\Documents\GitHub\Code-TBT\Main\elysium-launcher\.elysium\assets, --assetIndex, 5, --uuid, 19707e17-e8a5-3c9d-8ee7-f47e21e2aaa9, --accessToken, ????????, --clientId, ${clientid}, --xuid, ${auth_xuid}, --userType, msa, --versionType, release, --launchTarget, forgeclient, --fml.forgeVersion, 47.2.0, --fml.mcVersion, 1.20.1, --fml.forgeGroup, net.minecraftforge, --fml.mcpVersion, 20230612.114412]
[21Sep2026 16:17:30.709] [main/INFO] [cpw.mods.modlauncher.Launcher/MODLAUNCHER]: ModLauncher 10.0.9+10.0.9+main.dcd20f30 starting: java version 17.0.15 by Microsoft; OS Windows 11 arch amd64 version 10.0
[21Sep2026 16:17:30.741] [main/DEBUG] [cpw.mods.modlauncher.LaunchServiceHandler/MODLAUNCHER]: Found launch services [fmlclientdev,forgeclient,minecraft,forgegametestserverdev,fmlserveruserdev,fmlclient,fmldatauserdev,forgeserverdev,forgeserveruserdev,forgeclientdev,forgeclientuserdev,forgeserver,forgedatadev,fmlserver,fmlclientuserdev,fmlserverdev,forgedatauserdev,testharness,forgegametestserveruserdev]
[21Sep2026 16:17:30.760] [main/DEBUG] [cpw.mods.modlauncher.NameMappingServiceHandler/MODLAUNCHER]: Found naming services : [srgtomcp]
[21Sep2026 16:17:30.781] [main/DEBUG] [cpw.mods.modlauncher.LaunchPluginHandler/MODLAUNCHER]: Found launch plugins: [mixin,eventbus,slf4jfixer,object_holder_definalize,runtime_enum_extender,capability_token_subclass,accesstransformer,runtimedistcleaner]
[21Sep2026 16:17:30.797] [main/DEBUG] [cpw.mods.modlauncher.TransformationServicesHandler/MODLAUNCHER]: Discovering transformation services
[21Sep2026 16:17:30.805] [main/DEBUG] [net.minecraftforge.fml.loading.FMLPaths/CORE]: Path GAMEDIR is C:\Users\DELL\OneDrive - Ministry of Education and Higher Education\Documents\GitHub\Code-TBT\Main\elysium-launcher\.elysium\instances\Forge_Main
[21Sep2026 16:17:30.806] [main/DEBUG] [net.minecraftforge.fml.loading.FMLPaths/CORE]: Path MODSDIR is C:\Users\DELL\OneDrive - Ministry of Education and Higher Education\Documents\GitHub\Code-TBT\Main\elysium-launcher\.elysium\instances\Forge_Main\mods
[21Sep2026 16:17:30.807] [main/DEBUG] [net.minecraftforge.fml.loading.FMLPaths/CORE]: Path CONFIGDIR is C:\Users\DELL\OneDrive - Ministry of Education and Higher Education\Documents\GitHub\Code-TBT\Main\elysium-launcher\.elysium\instances\Forge_Main\config
[21Sep2026 16:17:30.808] [main/DEBUG] [net.minecraftforge.fml.loading.FMLPaths/CORE]: Path FMLCONFIG is C:\Users\DELL\OneDrive - Ministry of Education and Higher Education\Documents\GitHub\Code-TBT\Main\elysium-launcher\.elysium\instances\Forge_Main\config\fml.toml
[21Sep2026 16:17:30.867] [main/WARN] [net.minecraftforge.fml.loading.FMLConfig/CORE]: Configuration file C:\Users\DELL\OneDrive - Ministry of Education and Higher Education\Documents\GitHub\Code-TBT\Main\elysium-launcher\.elysium\instances\Forge_Main\config\fml.toml is not correct. Correcting
[21Sep2026 16:17:30.869] [main/INFO] [net.minecraftforge.fml.loading.FMLConfig/CORE]: Incorrect key [earlyWindowSkipGLVersions] was corrected from null to []
[21Sep2026 16:17:30.869] [main/INFO] [net.minecraftforge.fml.loading.FMLConfig/CORE]: Incorrect key [earlyWindowSquir] was corrected from null to false
[21Sep2026 16:17:30.885] [main/DEBUG] [cpw.mods.modlauncher.TransformationServicesHandler/MODLAUNCHER]: Found additional transformation services from discovery services: 
[21Sep2026 16:17:30.893] [main/INFO] [net.minecraftforge.fml.loading.ImmediateWindowHandler/]: Loading ImmediateWindowProvider fmlearlywindow
[21Sep2026 16:17:31.012] [main/INFO] [EARLYDISPLAY/]: Trying GL version 4.6
[21Sep2026 16:17:31.528] [main/INFO] [EARLYDISPLAY/]: Requested GL version 4.6 got version 4.6
[21Sep2026 16:17:31.620] [main/DEBUG] [cpw.mods.modlauncher.TransformationServicesHandler/MODLAUNCHER]: Found transformer services : [mixin,fml]
[21Sep2026 16:17:31.620] [main/DEBUG] [cpw.mods.modlauncher.TransformationServicesHandler/MODLAUNCHER]: Transformation services loading
[21Sep2026 16:17:31.622] [main/DEBUG] [cpw.mods.modlauncher.TransformationServiceDecorator/MODLAUNCHER]: Loading service mixin
[21Sep2026 16:17:31.623] [main/DEBUG] [cpw.mods.modlauncher.TransformationServiceDecorator/MODLAUNCHER]: Loaded service mixin
[21Sep2026 16:17:31.623] [main/DEBUG] [cpw.mods.modlauncher.TransformationServiceDecorator/MODLAUNCHER]: Loading service fml
[21Sep2026 16:17:31.630] [main/DEBUG] [net.minecraftforge.fml.loading.LauncherVersion/CORE]: Found FMLLauncher version 1.0
[21Sep2026 16:17:31.630] [main/DEBUG] [net.minecraftforge.fml.loading.FMLLoader/CORE]: FML 1.0 loading
[21Sep2026 16:17:31.630] [main/DEBUG] [net.minecraftforge.fml.loading.FMLLoader/CORE]: FML found ModLauncher version : 10.0.9+10.0.9+main.dcd20f30
[21Sep2026 16:17:31.630] [main/DEBUG] [net.minecraftforge.fml.loading.FMLLoader/CORE]: FML found AccessTransformer version : 8.0.4+66+master.c09db6d7
[21Sep2026 16:17:31.631] [main/DEBUG] [net.minecraftforge.fml.loading.FMLLoader/CORE]: FML found EventBus version : 6.0.5+6.0.5+master.eb8e549b
[21Sep2026 16:17:31.631] [main/DEBUG] [net.minecraftforge.fml.loading.FMLLoader/CORE]: Found Runtime Dist Cleaner
[21Sep2026 16:17:31.633] [main/DEBUG] [net.minecraftforge.fml.loading.FMLLoader/CORE]: FML found CoreMod version : 5.0.1+15+master.dc5a2922
[21Sep2026 16:17:31.634] [main/DEBUG] [net.minecraftforge.fml.loading.FMLLoader/CORE]: Found ForgeSPI package implementation version 7.0.1+7.0.1+master.d2b38bf6
[21Sep2026 16:17:31.634] [main/DEBUG] [net.minecraftforge.fml.loading.FMLLoader/CORE]: Found ForgeSPI package specification 5
[21Sep2026 16:17:31.634] [main/DEBUG] [cpw.mods.modlauncher.TransformationServiceDecorator/MODLAUNCHER]: Loaded service fml
[21Sep2026 16:17:31.635] [main/DEBUG] [cpw.mods.modlauncher.TransformationServicesHandler/MODLAUNCHER]: Configuring option handling for services
[21Sep2026 16:17:31.651] [main/DEBUG] [cpw.mods.modlauncher.TransformationServicesHandler/MODLAUNCHER]: Transformation services initializing
[21Sep2026 16:17:31.652] [main/DEBUG] [cpw.mods.modlauncher.TransformationServiceDecorator/MODLAUNCHER]: Initializing transformation service mixin
[21Sep2026 16:17:31.681] [main/DEBUG] [mixin/]: MixinService [ModLauncher] was successfully booted in cpw.mods.cl.ModuleClassLoader@6c779568
[21Sep2026 16:17:31.708] [main/INFO] [mixin/]: SpongePowered MIXIN Subsystem Version=0.8.5 Source=union:/C:/Users/DELL/OneDrive%20-%20Ministry%20of%20Education%20and%20Higher%20Education/Documents/GitHub/Code-TBT/Main/elysium-launcher/.elysium/libraries/org/spongepowered/mixin/0.8.5/mixin-0.8.5.jar%23100!/ Service=ModLauncher Env=CLIENT
[21Sep2026 16:17:31.713] [main/DEBUG] [mixin/]: Initialising Mixin Platform Manager
[21Sep2026 16:17:31.713] [main/DEBUG] [mixin/]: Adding mixin platform agents for container ModLauncher Root Container(ModLauncher:4f56a0a2)
[21Sep2026 16:17:31.714] [main/DEBUG] [mixin/]: Instancing new MixinPlatformAgentMinecraftForge for ModLauncher Root Container(ModLauncher:4f56a0a2)
[21Sep2026 16:17:31.715] [main/DEBUG] [mixin/]: MixinPlatformAgentMinecraftForge rejected container ModLauncher Root Container(ModLauncher:4f56a0a2)
[21Sep2026 16:17:31.716] [main/DEBUG] [mixin/]: Instancing new MixinPlatformAgentDefault for ModLauncher Root Container(ModLauncher:4f56a0a2)
[21Sep2026 16:17:31.716] [main/DEBUG] [mixin/]: MixinPlatformAgentDefault accepted container ModLauncher Root Container(ModLauncher:4f56a0a2)
[21Sep2026 16:17:31.721] [main/DEBUG] [cpw.mods.modlauncher.TransformationServiceDecorator/MODLAUNCHER]: Initialized transformation service mixin
[21Sep2026 16:17:31.721] [main/DEBUG] [cpw.mods.modlauncher.TransformationServiceDecorator/MODLAUNCHER]: Initializing transformation service fml
[21Sep2026 16:17:31.722] [main/DEBUG] [net.minecraftforge.fml.loading.FMLServiceProvider/CORE]: Setting up basic FML game directories
[21Sep2026 16:17:31.722] [main/DEBUG] [net.minecraftforge.fml.loading.FMLPaths/CORE]: Path GAMEDIR is C:\Users\DELL\OneDrive - Ministry of Education and Higher Education\Documents\GitHub\Code-TBT\Main\elysium-launcher\.elysium\instances\Forge_Main
[21Sep2026 16:17:31.723] [main/DEBUG] [net.minecraftforge.fml.loading.FMLPaths/CORE]: Path MODSDIR is C:\Users\DELL\OneDrive - Ministry of Education and Higher Education\Documents\GitHub\Code-TBT\Main\elysium-launcher\.elysium\instances\Forge_Main\mods
[21Sep2026 16:17:31.724] [main/DEBUG] [net.minecraftforge.fml.loading.FMLPaths/CORE]: Path CONFIGDIR is C:\Users\DELL\OneDrive - Ministry of Education and Higher Education\Documents\GitHub\Code-TBT\Main\elysium-launcher\.elysium\instances\Forge_Main\config
[21Sep2026 16:17:31.724] [main/DEBUG] [net.minecraftforge.fml.loading.FMLPaths/CORE]: Path FMLCONFIG is C:\Users\DELL\OneDrive - Ministry of Education and Higher Education\Documents\GitHub\Code-TBT\Main\elysium-launcher\.elysium\instances\Forge_Main\config\fml.toml
[21Sep2026 16:17:31.724] [main/DEBUG] [net.minecraftforge.fml.loading.FMLServiceProvider/CORE]: Loading configuration
[21Sep2026 16:17:31.729] [main/DEBUG] [net.minecraftforge.fml.loading.FMLServiceProvider/CORE]: Preparing ModFile
[21Sep2026 16:17:31.731] [pool-2-thread-1/INFO] [EARLYDISPLAY/]: GL info: NVIDIA GeForce GTX 1050/PCIe/SSE2 GL version 4.6.0 NVIDIA 582.66, NVIDIA Corporation
[21Sep2026 16:17:31.733] [main/DEBUG] [net.minecraftforge.fml.loading.FMLServiceProvider/CORE]: Preparing launch handler
[21Sep2026 16:17:31.733] [main/DEBUG] [net.minecraftforge.fml.loading.FMLLoader/CORE]: Using forgeclient as launch service
[21Sep2026 16:17:31.754] [main/DEBUG] [net.minecraftforge.fml.loading.FMLLoader/CORE]: Received command line version data  : VersionInfo[forgeVersion=47.2.0, mcVersion=1.20.1, mcpVersion=20230612.114412, forgeGroup=net.minecraftforge]
[21Sep2026 16:17:31.756] [main/DEBUG] [cpw.mods.modlauncher.TransformationServiceDecorator/MODLAUNCHER]: Initialized transformation service fml
[21Sep2026 16:17:31.757] [main/DEBUG] [cpw.mods.modlauncher.NameMappingServiceHandler/MODLAUNCHER]: Current naming domain is 'srg'
[21Sep2026 16:17:31.759] [main/DEBUG] [cpw.mods.modlauncher.NameMappingServiceHandler/MODLAUNCHER]: Identified name mapping providers {}
[21Sep2026 16:17:31.759] [main/DEBUG] [cpw.mods.modlauncher.TransformationServicesHandler/MODLAUNCHER]: Transformation services begin scanning
[21Sep2026 16:17:31.761] [main/DEBUG] [cpw.mods.modlauncher.TransformationServiceDecorator/MODLAUNCHER]: Beginning scan trigger - transformation service mixin
[21Sep2026 16:17:31.761] [main/DEBUG] [cpw.mods.modlauncher.TransformationServiceDecorator/MODLAUNCHER]: End scan trigger - transformation service mixin
[21Sep2026 16:17:31.761] [main/DEBUG] [cpw.mods.modlauncher.TransformationServiceDecorator/MODLAUNCHER]: Beginning scan trigger - transformation service fml
[21Sep2026 16:17:31.761] [main/DEBUG] [net.minecraftforge.fml.loading.FMLServiceProvider/CORE]: Initiating mod scan
[21Sep2026 16:17:31.777] [main/DEBUG] [net.minecraftforge.fml.loading.moddiscovery.ModListHandler/CORE]: Found mod coordinates from lists: []
[21Sep2026 16:17:31.782] [main/DEBUG] [net.minecraftforge.fml.loading.moddiscovery.ModDiscoverer/CORE]: Found Mod Locators : (mods folder:null),(maven libs:null),(exploded directory:null),(minecraft:null),(userdev classpath:null)
[21Sep2026 16:17:31.782] [main/DEBUG] [net.minecraftforge.fml.loading.moddiscovery.ModDiscoverer/CORE]: Found Dependency Locators : (JarInJar:null)
[21Sep2026 16:17:32.114] [main/DEBUG] [net.minecraftforge.fml.loading.moddiscovery.ModFileInfo/LOADING]: Found valid mod file client-1.20.1-20230612.114412-srg.jar with {minecraft} mods - versions {1.20.1}
[21Sep2026 16:17:32.128] [main/DEBUG] [net.minecraftforge.fml.loading.moddiscovery.ModFileParser/LOADING]: Considering mod file candidate C:\Users\DELL\OneDrive - Ministry of Education and Higher Education\Documents\GitHub\Code-TBT\Main\elysium-launcher\.elysium\libraries\net\minecraftforge\fmlcore\1.20.1-47.2.0\fmlcore-1.20.1-47.2.0.jar
[21Sep2026 16:17:32.128] [main/WARN] [net.minecraftforge.fml.loading.moddiscovery.ModFileParser/LOADING]: Mod file C:\Users\DELL\OneDrive - Ministry of Education and Higher Education\Documents\GitHub\Code-TBT\Main\elysium-launcher\.elysium\libraries\net\minecraftforge\fmlcore\1.20.1-47.2.0\fmlcore-1.20.1-47.2.0.jar is missing mods.toml file
[21Sep2026 16:17:32.136] [main/DEBUG] [net.minecraftforge.fml.loading.moddiscovery.ModFileParser/LOADING]: Considering mod file candidate C:\Users\DELL\OneDrive - Ministry of Education and Higher Education\Documents\GitHub\Code-TBT\Main\elysium-launcher\.elysium\libraries\net\minecraftforge\javafmllanguage\1.20.1-47.2.0\javafmllanguage-1.20.1-47.2.0.jar
[21Sep2026 16:17:32.136] [main/WARN] [net.minecraftforge.fml.loading.moddiscovery.ModFileParser/LOADING]: Mod file C:\Users\DELL\OneDrive - Ministry of Education and Higher Education\Documents\GitHub\Code-TBT\Main\elysium-launcher\.elysium\libraries\net\minecraftforge\javafmllanguage\1.20.1-47.2.0\javafmllanguage-1.20.1-47.2.0.jar is missing mods.toml file
[21Sep2026 16:17:32.143] [main/DEBUG] [net.minecraftforge.fml.loading.moddiscovery.ModFileParser/LOADING]: Considering mod file candidate C:\Users\DELL\OneDrive - Ministry of Education and Higher Education\Documents\GitHub\Code-TBT\Main\elysium-launcher\.elysium\libraries\net\minecraftforge\lowcodelanguage\1.20.1-47.2.0\lowcodelanguage-1.20.1-47.2.0.jar
[21Sep2026 16:17:32.144] [main/WARN] [net.minecraftforge.fml.loading.moddiscovery.ModFileParser/LOADING]: Mod file C:\Users\DELL\OneDrive - Ministry of Education and Higher Education\Documents\GitHub\Code-TBT\Main\elysium-launcher\.elysium\libraries\net\minecraftforge\lowcodelanguage\1.20.1-47.2.0\lowcodelanguage-1.20.1-47.2.0.jar is missing mods.toml file
[21Sep2026 16:17:32.153] [main/DEBUG] [net.minecraftforge.fml.loading.moddiscovery.ModFileParser/LOADING]: Considering mod file candidate C:\Users\DELL\OneDrive - Ministry of Education and Higher Education\Documents\GitHub\Code-TBT\Main\elysium-launcher\.elysium\libraries\net\minecraftforge\mclanguage\1.20.1-47.2.0\mclanguage-1.20.1-47.2.0.jar
[21Sep2026 16:17:32.153] [main/WARN] [net.minecraftforge.fml.loading.moddiscovery.ModFileParser/LOADING]: Mod file C:\Users\DELL\OneDrive - Ministry of Education and Higher Education\Documents\GitHub\Code-TBT\Main\elysium-launcher\.elysium\libraries\net\minecraftforge\mclanguage\1.20.1-47.2.0\mclanguage-1.20.1-47.2.0.jar is missing mods.toml file
[21Sep2026 16:17:32.212] [main/DEBUG] [net.minecraftforge.fml.loading.moddiscovery.ModFileParser/LOADING]: Considering mod file candidate C:\Users\DELL\OneDrive - Ministry of Education and Higher Education\Documents\GitHub\Code-TBT\Main\elysium-launcher\.elysium\libraries\net\minecraftforge\forge\1.20.1-47.2.0\forge-1.20.1-47.2.0-universal.jar
[21Sep2026 16:17:32.221] [main/DEBUG] [net.minecraftforge.fml.loading.moddiscovery.ModFileInfo/LOADING]: Found valid mod file forge-1.20.1-47.2.0-universal.jar with {forge} mods - versions {47.2.0}
[21Sep2026 16:17:32.254] [main/DEBUG] [net.minecraftforge.fml.loading.moddiscovery.AbstractJarFileDependencyLocator/]: Failed to load resource META-INF\jarjar\metadata.json from client-1.20.1-20230612.114412-srg.jar, it does not contain dependency information.
[21Sep2026 16:17:32.254] [main/DEBUG] [net.minecraftforge.fml.loading.moddiscovery.AbstractJarFileDependencyLocator/]: Failed to load resource META-INF\jarjar\metadata.json from forge-1.20.1-47.2.0-universal.jar, it does not contain dependency information.
[21Sep2026 16:17:32.255] [main/DEBUG] [net.minecraftforge.fml.loading.moddiscovery.AbstractJarFileDependencyLocator/]: Failed to load resource META-INF\jarjar\metadata.json from mclanguage-1.20.1-47.2.0.jar, it does not contain dependency information.
[21Sep2026 16:17:32.255] [main/DEBUG] [net.minecraftforge.fml.loading.moddiscovery.AbstractJarFileDependencyLocator/]: Failed to load resource META-INF\jarjar\metadata.json from javafmllanguage-1.20.1-47.2.0.jar, it does not contain dependency information.
[21Sep2026 16:17:32.255] [main/DEBUG] [net.minecraftforge.fml.loading.moddiscovery.AbstractJarFileDependencyLocator/]: Failed to load resource META-INF\jarjar\metadata.json from fmlcore-1.20.1-47.2.0.jar, it does not contain dependency information.
[21Sep2026 16:17:32.255] [main/DEBUG] [net.minecraftforge.fml.loading.moddiscovery.AbstractJarFileDependencyLocator/]: Failed to load resource META-INF\jarjar\metadata.json from lowcodelanguage-1.20.1-47.2.0.jar, it does not contain dependency information.
[21Sep2026 16:17:32.317] [main/INFO] [net.minecraftforge.fml.loading.moddiscovery.JarInJarDependencyLocator/]: No dependencies to load found. Skipping!
[21Sep2026 16:17:32.320] [main/DEBUG] [net.minecraftforge.fml.loading.moddiscovery.ModFileInfo/LOADING]: Found valid mod file client-1.20.1-20230612.114412-srg.jar with {minecraft} mods - versions {1.20.1}
[21Sep2026 16:17:32.327] [main/DEBUG] [net.minecraftforge.fml.loading.moddiscovery.ModFile/LOADING]: Loading mod file C:\Users\DELL\OneDrive - Ministry of Education and Higher Education\Documents\GitHub\Code-TBT\Main\elysium-launcher\.elysium\libraries\net\minecraft\client\1.20.1-20230612.114412\client-1.20.1-20230612.114412-srg.jar with languages [LanguageSpec[languageName=minecraft, acceptedVersions=1]]
[21Sep2026 16:17:32.328] [main/DEBUG] [net.minecraftforge.fml.loading.moddiscovery.ModFileParser/LOADING]: Considering mod file candidate C:\Users\DELL\OneDrive - Ministry of Education and Higher Education\Documents\GitHub\Code-TBT\Main\elysium-launcher\.elysium\libraries\net\minecraftforge\forge\1.20.1-47.2.0\forge-1.20.1-47.2.0-universal.jar
[21Sep2026 16:17:32.329] [main/DEBUG] [net.minecraftforge.fml.loading.moddiscovery.ModFileInfo/LOADING]: Found valid mod file forge-1.20.1-47.2.0-universal.jar with {forge} mods - versions {47.2.0}
[21Sep2026 16:17:32.329] [main/DEBUG] [net.minecraftforge.fml.loading.moddiscovery.ModFile/LOADING]: Loading mod file C:\Users\DELL\OneDrive - Ministry of Education and Higher Education\Documents\GitHub\Code-TBT\Main\elysium-launcher\.elysium\libraries\net\minecraftforge\forge\1.20.1-47.2.0\forge-1.20.1-47.2.0-universal.jar with languages [LanguageSpec[languageName=javafml, acceptedVersions=[24,]]]
[21Sep2026 16:17:32.393] [main/DEBUG] [net.minecraftforge.fml.loading.moddiscovery.ModFileParser/LOADING]: Found coremod field_to_method with Javascript path coremods/field_to_method.js
[21Sep2026 16:17:32.394] [main/DEBUG] [net.minecraftforge.fml.loading.moddiscovery.ModFileParser/LOADING]: Found coremod field_to_instanceof with Javascript path coremods/field_to_instanceof.js
[21Sep2026 16:17:32.394] [main/DEBUG] [net.minecraftforge.fml.loading.moddiscovery.ModFileParser/LOADING]: Found coremod add_bouncer_method with Javascript path coremods/add_bouncer_method.js
[21Sep2026 16:17:32.394] [main/DEBUG] [net.minecraftforge.fml.loading.moddiscovery.ModFileParser/LOADING]: Found coremod method_redirector with Javascript path coremods/method_redirector.js
[21Sep2026 16:17:32.394] [main/DEBUG] [net.minecraftforge.fml.loading.moddiscovery.ModFile/LOADING]: Found coremod coremods/field_to_method.js
[21Sep2026 16:17:32.395] [main/DEBUG] [net.minecraftforge.fml.loading.moddiscovery.ModFile/LOADING]: Found coremod coremods/field_to_instanceof.js
[21Sep2026 16:17:32.395] [main/DEBUG] [net.minecraftforge.fml.loading.moddiscovery.ModFile/LOADING]: Found coremod coremods/add_bouncer_method.js
[21Sep2026 16:17:32.395] [main/DEBUG] [net.minecraftforge.fml.loading.moddiscovery.ModFile/LOADING]: Found coremod coremods/method_redirector.js
[21Sep2026 16:17:32.397] [main/DEBUG] [cpw.mods.modlauncher.TransformationServiceDecorator/MODLAUNCHER]: End scan trigger - transformation service fml
[21Sep2026 16:17:32.420] [main/DEBUG] [net.minecraftforge.fml.loading.LanguageLoadingProvider/CORE]: Found 3 language providers
[21Sep2026 16:17:32.421] [main/DEBUG] [net.minecraftforge.fml.loading.LanguageLoadingProvider/CORE]: Found language provider minecraft, version 1.0
[21Sep2026 16:17:32.424] [main/DEBUG] [net.minecraftforge.fml.loading.LanguageLoadingProvider/CORE]: Found language provider lowcodefml, version 47
[21Sep2026 16:17:32.425] [main/DEBUG] [net.minecraftforge.fml.loading.LanguageLoadingProvider/CORE]: Found language provider javafml, version 47
[21Sep2026 16:17:32.433] [main/DEBUG] [net.minecraftforge.fml.loading.ModSorter/]: Configured system mods: [minecraft, forge]
[21Sep2026 16:17:32.433] [main/DEBUG] [net.minecraftforge.fml.loading.ModSorter/]: Found system mod: minecraft
[21Sep2026 16:17:32.433] [main/DEBUG] [net.minecraftforge.fml.loading.ModSorter/]: Found system mod: forge
[21Sep2026 16:17:32.442] [main/DEBUG] [net.minecraftforge.fml.loading.ModSorter/LOADING]: Found 0 mod requirements (0 mandatory, 0 optional)
[21Sep2026 16:17:32.443] [main/DEBUG] [net.minecraftforge.fml.loading.ModSorter/LOADING]: Found 0 mod requirements missing (0 mandatory, 0 optional)
[21Sep2026 16:17:33.036] [main/DEBUG] [cpw.mods.modlauncher.TransformationServicesHandler/MODLAUNCHER]: Transformation services loading transformers
[21Sep2026 16:17:33.037] [main/DEBUG] [cpw.mods.modlauncher.TransformationServiceDecorator/MODLAUNCHER]: Initializing transformers for transformation service mixin
[21Sep2026 16:17:33.038] [main/DEBUG] [cpw.mods.modlauncher.TransformationServiceDecorator/MODLAUNCHER]: Initialized transformers for transformation service mixin
[21Sep2026 16:17:33.038] [main/DEBUG] [cpw.mods.modlauncher.TransformationServiceDecorator/MODLAUNCHER]: Initializing transformers for transformation service fml
[21Sep2026 16:17:33.038] [main/DEBUG] [net.minecraftforge.fml.loading.FMLServiceProvider/CORE]: Loading coremod transformers
[21Sep2026 16:17:33.038] [main/DEBUG] [net.minecraftforge.coremod.CoreModEngine/COREMOD]: Loading CoreMod from coremods/field_to_method.js
[21Sep2026 16:17:33.239] [main/DEBUG] [net.minecraftforge.coremod.CoreModEngine/COREMOD]: CoreMod loaded successfully
[21Sep2026 16:17:33.239] [main/DEBUG] [net.minecraftforge.coremod.CoreModEngine/COREMOD]: Loading CoreMod from coremods/field_to_instanceof.js
[21Sep2026 16:17:33.306] [main/DEBUG] [net.minecraftforge.coremod.CoreModEngine/COREMOD]: CoreMod loaded successfully
[21Sep2026 16:17:33.306] [main/DEBUG] [net.minecraftforge.coremod.CoreModEngine/COREMOD]: Loading CoreMod from coremods/add_bouncer_method.js
[21Sep2026 16:17:33.347] [main/DEBUG] [net.minecraftforge.coremod.CoreModEngine/COREMOD]: CoreMod loaded successfully
[21Sep2026 16:17:33.347] [main/DEBUG] [net.minecraftforge.coremod.CoreModEngine/COREMOD]: Loading CoreMod from coremods/method_redirector.js
[21Sep2026 16:17:33.419] [main/DEBUG] [net.minecraftforge.coremod.CoreModEngine/COREMOD]: CoreMod loaded successfully
[21Sep2026 16:17:33.434] [main/DEBUG] [cpw.mods.modlauncher.TransformStore/MODLAUNCHER]: Adding transformer net.minecraftforge.coremod.transformer.CoreModClassTransformer@31b82e0f to Target : CLASS {Lnet/minecraft/world/level/biome/Biome;} {} {V}
[21Sep2026 16:17:33.435] [main/DEBUG] [cpw.mods.modlauncher.TransformStore/MODLAUNCHER]: Adding transformer net.minecraftforge.coremod.transformer.CoreModClassTransformer@5ec1963c to Target : CLASS {Lnet/minecraft/world/level/levelgen/structure/Structure;} {} {V}
[21Sep2026 16:17:33.435] [main/DEBUG] [cpw.mods.modlauncher.TransformStore/MODLAUNCHER]: Adding transformer net.minecraftforge.coremod.transformer.CoreModClassTransformer@7dcb42a9 to Target : CLASS {Lnet/minecraft/world/effect/MobEffectInstance;} {} {V}
[21Sep2026 16:17:33.435] [main/DEBUG] [cpw.mods.modlauncher.TransformStore/MODLAUNCHER]: Adding transformer net.minecraftforge.coremod.transformer.CoreModClassTransformer@6af90849 to Target : CLASS {Lnet/minecraft/world/level/block/LiquidBlock;} {} {V}
[21Sep2026 16:17:33.435] [main/DEBUG] [cpw.mods.modlauncher.TransformStore/MODLAUNCHER]: Adding transformer net.minecraftforge.coremod.transformer.CoreModClassTransformer@1d06f16f to Target : CLASS {Lnet/minecraft/world/item/BucketItem;} {} {V}
[21Sep2026 16:17:33.435] [main/DEBUG] [cpw.mods.modlauncher.TransformStore/MODLAUNCHER]: Adding transformer net.minecraftforge.coremod.transformer.CoreModClassTransformer@4fa4f485 to Target : CLASS {Lnet/minecraft/world/level/block/StairBlock;} {} {V}
[21Sep2026 16:17:33.435] [main/DEBUG] [cpw.mods.modlauncher.TransformStore/MODLAUNCHER]: Adding transformer net.minecraftforge.coremod.transformer.CoreModClassTransformer@68dd39d2 to Target : CLASS {Lnet/minecraft/world/level/block/FlowerPotBlock;} {} {V}
[21Sep2026 16:17:33.435] [main/DEBUG] [cpw.mods.modlauncher.TransformStore/MODLAUNCHER]: Adding transformer net.minecraftforge.coremod.transformer.CoreModClassTransformer@4a44cfc0 to Target : CLASS {Lnet/minecraft/world/item/ItemStack;} {} {V}
[21Sep2026 16:17:33.436] [main/DEBUG] [cpw.mods.modlauncher.TransformStore/MODLAUNCHER]: Adding transformer net.minecraftforge.coremod.transformer.CoreModClassTransformer@60e3c26e to Target : CLASS {Lnet/minecraft/network/play/client/CClientSettingsPacket;} {} {V}
[21Sep2026 16:17:33.436] [main/DEBUG] [cpw.mods.modlauncher.TransformStore/MODLAUNCHER]: Adding transformer net.minecraftforge.coremod.transformer.CoreModClassTransformer@80b122b to Target : CLASS {Lnet/minecraft/world/entity/EntityType;} {} {V}
[21Sep2026 16:17:33.436] [main/DEBUG] [cpw.mods.modlauncher.TransformStore/MODLAUNCHER]: Adding transformer net.minecraftforge.coremod.transformer.CoreModClassTransformer@80b122b to Target : CLASS {Lnet/minecraft/world/entity/raid/Raid;} {} {V}
[21Sep2026 16:17:33.436] [main/DEBUG] [cpw.mods.modlauncher.TransformStore/MODLAUNCHER]: Adding transformer net.minecraftforge.coremod.transformer.CoreModClassTransformer@80b122b to Target : CLASS {Lnet/minecraft/world/level/levelgen/PhantomSpawner;} {} {V}
[21Sep2026 16:17:33.436] [main/DEBUG] [cpw.mods.modlauncher.TransformStore/MODLAUNCHER]: Adding transformer net.minecraftforge.coremod.transformer.CoreModClassTransformer@80b122b to Target : CLASS {Lnet/minecraft/server/commands/RaidCommand;} {} {V}
[21Sep2026 16:17:33.437] [main/DEBUG] [cpw.mods.modlauncher.TransformStore/MODLAUNCHER]: Adding transformer net.minecraftforge.coremod.transformer.CoreModClassTransformer@80b122b to Target : CLASS {Lnet/minecraft/world/level/levelgen/PatrolSpawner;} {} {V}
[21Sep2026 16:17:33.437] [main/DEBUG] [cpw.mods.modlauncher.TransformStore/MODLAUNCHER]: Adding transformer net.minecraftforge.coremod.transformer.CoreModClassTransformer@80b122b to Target : CLASS {Lnet/minecraft/world/entity/monster/Evoker$EvokerSummonSpellGoal;} {} {V}
[21Sep2026 16:17:33.437] [main/DEBUG] [cpw.mods.modlauncher.TransformStore/MODLAUNCHER]: Adding transformer net.minecraftforge.coremod.transformer.CoreModClassTransformer@80b122b to Target : CLASS {Lnet/minecraft/world/level/levelgen/structure/templatesystem/StructureTemplate;} {} {V}
[21Sep2026 16:17:33.437] [main/DEBUG] [cpw.mods.modlauncher.TransformStore/MODLAUNCHER]: Adding transformer net.minecraftforge.coremod.transformer.CoreModClassTransformer@80b122b to Target : CLASS {Lnet/minecraft/world/level/levelgen/structure/structures/OceanMonumentPieces$OceanMonumentPiece;} {} {V}
[21Sep2026 16:17:33.437] [main/DEBUG] [cpw.mods.modlauncher.TransformStore/MODLAUNCHER]: Adding transformer net.minecraftforge.coremod.transformer.CoreModClassTransformer@80b122b to Target : CLASS {Lnet/minecraft/world/level/levelgen/structure/structures/WoodlandMansionPieces$WoodlandMansionPiece;} {} {V}
[21Sep2026 16:17:33.437] [main/DEBUG] [cpw.mods.modlauncher.TransformStore/MODLAUNCHER]: Adding transformer net.minecraftforge.coremod.transformer.CoreModClassTransformer@80b122b to Target : CLASS {Lnet/minecraft/world/level/NaturalSpawner;} {} {V}
[21Sep2026 16:17:33.437] [main/DEBUG] [cpw.mods.modlauncher.TransformStore/MODLAUNCHER]: Adding transformer net.minecraftforge.coremod.transformer.CoreModClassTransformer@80b122b to Target : CLASS {Lnet/minecraft/world/level/levelgen/structure/structures/SwampHutPiece;} {} {V}
[21Sep2026 16:17:33.437] [main/DEBUG] [cpw.mods.modlauncher.TransformStore/MODLAUNCHER]: Adding transformer net.minecraftforge.coremod.transformer.CoreModClassTransformer@80b122b to Target : CLASS {Lnet/minecraft/world/entity/npc/Villager;} {} {V}
[21Sep2026 16:17:33.437] [main/DEBUG] [cpw.mods.modlauncher.TransformStore/MODLAUNCHER]: Adding transformer net.minecraftforge.coremod.transformer.CoreModClassTransformer@80b122b to Target : CLASS {Lnet/minecraft/world/entity/animal/horse/SkeletonTrapGoal;} {} {V}
[21Sep2026 16:17:33.437] [main/DEBUG] [cpw.mods.modlauncher.TransformStore/MODLAUNCHER]: Adding transformer net.minecraftforge.coremod.transformer.CoreModClassTransformer@80b122b to Target : CLASS {Lnet/minecraft/world/entity/monster/Zombie;} {} {V}
[21Sep2026 16:17:33.437] [main/DEBUG] [cpw.mods.modlauncher.TransformStore/MODLAUNCHER]: Adding transformer net.minecraftforge.coremod.transformer.CoreModClassTransformer@80b122b to Target : CLASS {Lnet/minecraft/world/entity/monster/ZombieVillager;} {} {V}
[21Sep2026 16:17:33.437] [main/DEBUG] [cpw.mods.modlauncher.TransformStore/MODLAUNCHER]: Adding transformer net.minecraftforge.coremod.transformer.CoreModClassTransformer@80b122b to Target : CLASS {Lnet/minecraft/world/entity/npc/CatSpawner;} {} {V}
[21Sep2026 16:17:33.437] [main/DEBUG] [cpw.mods.modlauncher.TransformStore/MODLAUNCHER]: Adding transformer net.minecraftforge.coremod.transformer.CoreModClassTransformer@80b122b to Target : CLASS {Lnet/minecraft/server/commands/SummonCommand;} {} {V}
[21Sep2026 16:17:33.438] [main/DEBUG] [cpw.mods.modlauncher.TransformStore/MODLAUNCHER]: Adding transformer net.minecraftforge.coremod.transformer.CoreModClassTransformer@80b122b to Target : CLASS {Lnet/minecraft/world/entity/monster/Strider;} {} {V}
[21Sep2026 16:17:33.438] [main/DEBUG] [cpw.mods.modlauncher.TransformStore/MODLAUNCHER]: Adding transformer net.minecraftforge.coremod.transformer.CoreModClassTransformer@80b122b to Target : CLASS {Lnet/minecraft/world/entity/monster/Spider;} {} {V}
[21Sep2026 16:17:33.438] [main/DEBUG] [cpw.mods.modlauncher.TransformStore/MODLAUNCHER]: Adding transformer net.minecraftforge.coremod.transformer.CoreModClassTransformer@80b122b to Target : CLASS {Lnet/minecraft/world/level/levelgen/structure/structures/OceanRuinPieces$OceanRuinPiece;} {} {V}
[21Sep2026 16:17:33.438] [main/DEBUG] [cpw.mods.modlauncher.TransformStore/MODLAUNCHER]: Adding transformer net.minecraftforge.coremod.transformer.CoreModClassTransformer@80b122b to Target : CLASS {Lnet/minecraft/world/entity/ai/village/VillageSiege;} {} {V}
[21Sep2026 16:17:33.438] [main/DEBUG] [cpw.mods.modlauncher.TransformStore/MODLAUNCHER]: Adding transformer net.minecraftforge.coremod.transformer.CoreModClassTransformer@80b122b to Target : CLASS {Lnet/minecraft/world/entity/animal/frog/Tadpole;} {} {V}
[21Sep2026 16:17:33.438] [main/DEBUG] [cpw.mods.modlauncher.TransformationServiceDecorator/MODLAUNCHER]: Initialized transformers for transformation service fml
[21Sep2026 16:17:33.838] [main/DEBUG] [mixin/]: Processing prepare() for PlatformAgent[MixinPlatformAgentDefault:ModLauncher Root Container(ModLauncher:4f56a0a2)]
[21Sep2026 16:17:33.838] [main/DEBUG] [mixin/]: Processing launch tasks for PlatformAgent[MixinPlatformAgentDefault:ModLauncher Root Container(ModLauncher:4f56a0a2)]
[21Sep2026 16:17:33.838] [main/DEBUG] [mixin/]: Adding mixin platform agents for container SecureJarResource(minecraft)
[21Sep2026 16:17:33.838] [main/DEBUG] [mixin/]: Instancing new MixinPlatformAgentMinecraftForge for SecureJarResource(minecraft)
[21Sep2026 16:17:33.839] [main/DEBUG] [mixin/]: MixinPlatformAgentMinecraftForge rejected container SecureJarResource(minecraft)
[21Sep2026 16:17:33.839] [main/DEBUG] [mixin/]: Instancing new MixinPlatformAgentDefault for SecureJarResource(minecraft)
[21Sep2026 16:17:33.839] [main/DEBUG] [mixin/]: MixinPlatformAgentDefault accepted container SecureJarResource(minecraft)
[21Sep2026 16:17:33.839] [main/DEBUG] [mixin/]: Processing prepare() for PlatformAgent[MixinPlatformAgentDefault:SecureJarResource(minecraft)]
[21Sep2026 16:17:33.839] [main/DEBUG] [mixin/]: Adding mixin platform agents for container SecureJarResource(forge)
[21Sep2026 16:17:33.839] [main/DEBUG] [mixin/]: Instancing new MixinPlatformAgentMinecraftForge for SecureJarResource(forge)
[21Sep2026 16:17:33.839] [main/DEBUG] [mixin/]: MixinPlatformAgentMinecraftForge rejected container SecureJarResource(forge)
[21Sep2026 16:17:33.839] [main/DEBUG] [mixin/]: Instancing new MixinPlatformAgentDefault for SecureJarResource(forge)
[21Sep2026 16:17:33.839] [main/DEBUG] [mixin/]: MixinPlatformAgentDefault accepted container SecureJarResource(forge)
[21Sep2026 16:17:33.839] [main/DEBUG] [mixin/]: Processing prepare() for PlatformAgent[MixinPlatformAgentDefault:SecureJarResource(forge)]
[21Sep2026 16:17:33.840] [main/DEBUG] [mixin/]: inject() running with 3 agents
[21Sep2026 16:17:33.840] [main/DEBUG] [mixin/]: Processing inject() for PlatformAgent[MixinPlatformAgentDefault:ModLauncher Root Container(ModLauncher:4f56a0a2)]
[21Sep2026 16:17:33.840] [main/DEBUG] [mixin/]: Processing inject() for PlatformAgent[MixinPlatformAgentDefault:SecureJarResource(minecraft)]
[21Sep2026 16:17:33.840] [main/DEBUG] [mixin/]: Processing inject() for PlatformAgent[MixinPlatformAgentDefault:SecureJarResource(forge)]
[21Sep2026 16:17:33.840] [main/INFO] [cpw.mods.modlauncher.LaunchServiceHandler/MODLAUNCHER]: Launching target 'forgeclient' with arguments [--version, 1.20.1-forge-47.2.0, --gameDir, C:\Users\DELL\OneDrive - Ministry of Education and Higher Education\Documents\GitHub\Code-TBT\Main\elysium-launcher\.elysium\instances\Forge_Main, --assetsDir, C:\Users\DELL\OneDrive - Ministry of Education and Higher Education\Documents\GitHub\Code-TBT\Main\elysium-launcher\.elysium\assets, --uuid, 19707e17-e8a5-3c9d-8ee7-f47e21e2aaa9, --username, KraZo, --assetIndex, 5, --accessToken, ????????, --clientId, ${clientid}, --xuid, ${auth_xuid}, --userType, msa, --versionType, release]
